// Jest Snapshot v1, https://goo.gl/fbAQLP

exports[`App snapshot  renders correctly 1`] = `
<div>
  <nav
    className="navbar navbar-default"
  >
    <div
      className="container-fluid"
    >
      <div
        className="navbar-header"
      >
        <a
          className="navbar-brand"
        >
          BucketList
        </a>
      </div>
      <ul
        className="nav navbar-nav navbar-right"
        role={null}
      >
        <li
          className="dropdown"
          style={undefined}
        >
          <a
            aria-expanded={false}
            aria-haspopup={true}
            className="dropdown-toggle"
            href="#"
            id="basic-nav-dropdown"
            onClick={[Function]}
            onKeyDown={[Function]}
            role="button"
          >
            Account Settings
             
            <span
              className="caret"
            />
          </a>
          <ul
            aria-labelledby="basic-nav-dropdown"
            className="dropdown-menu"
            role="menu"
          >
            <li
              className=""
              role="presentation"
              style={undefined}
            >
              <a
                href="#"
                onClick={[Function]}
                onKeyDown={[Function]}
                role="menuitem"
                tabIndex="-1"
              >
                Sign Out
              </a>
            </li>
            <li
              className=""
              role="presentation"
              style={undefined}
            >
              <a
                href="#"
                onClick={[Function]}
                onKeyDown={[Function]}
                role="menuitem"
                tabIndex="-1"
              >
                Reset Password 
              </a>
            </li>
          </ul>
        </li>
      </ul>
    </div>
  </nav>
  <div>
    <div
      className="col-md-4"
    >
      <div
        className="panel panel-default"
      >
        <div
          className="panel-heading"
        >
          BucketLists
          <div
            className="pull-right"
            id="addBucket"
            onClick={[Function]}
          >
            <span
              className="glyphicon glyphicon-plus"
            />
             Add
          </div>
        </div>
        <div
          className="panel-body"
        >
          <p>
             No bucketlists created.
          </p>
        </div>
      </div>
    </div>
  </div>
  <div>
    <div
      className="col-md-6"
    >
      <div
        className="panel panel-default"
      >
        <div
          className="panel-heading"
        >
          Items
        </div>
        <div
          className="panel-body"
        >
          <p>
             Click on bucketlist to display items 
          </p>
        </div>
      </div>
    </div>
  </div>
</div>
`;
