// Jest Snapshot v1, https://goo.gl/fbAQLP

exports[`Add bucketlist snapshot  Add Bucketlist form renders correctly 1`] = `null`;
