// Jest Snapshot v1, https://goo.gl/fbAQLP

exports[`Add bucketlist item snapshot  Add Bucketlist Item form renders correctly 1`] = `null`;
