// Jest Snapshot v1, https://goo.gl/fbAQLP

exports[`banner snapshot  renders correctly 1`] = `null`;
