// Jest Snapshot v1, https://goo.gl/fbAQLP

exports[`Edit bucketlist snap shot  renders correctly 1`] = `null`;
